warning: `$e:expr` is followed (through repetition) by `$i:ident`, which is not allowed for `expr` fragments
  --> $DIR/incorrrect-repetition.rs:2:17
   |
LL |     ($($i:ident $e:expr)*) => {}
   |        -------- ^^^^^^^ this fragment is followed by the first fragment in this repetition without a valid separator
   |        |
   |        this is the first fragment in the evaluated repetition
   |
   = note: allowed there are: `;`, `=>` or `,`
help: add a valid separator for the repetition to be unambiguous, for example
   |
LL |     ($($i:ident $e:expr);*) => {}
   |                         ^

error[E0308]: mismatched types
  --> $DIR/incorrrect-repetition.rs:8:17
   |
LL |     let x: () = 1;
   |                 ^ expected (), found integral variable
   |
   = note: expected type `()`
              found type `{integer}`

error: aborting due to previous error

For more information about this error, try `rustc --explain E0308`.
